// Jest Snapshot v1, https://goo.gl/fbAQLP

exports[`Match Component renders the \`next\` button when game is played 1`] = `"<div class=\\"matchContainer\\"><div class=\\"players\\"><div class=\\"playerContainer\\"><img class=\\"image\\" src=\\"slick pic\\" alt=\\"Kobe Bryant\\"><span class=\\"name\\">Kobe Bryant</span></div><span class=\\"textBetween\\">VS</span><div class=\\"playerContainer\\"><img class=\\"image\\" src=\\"the dunker\\" alt=\\"Lebron James\\"><span class=\\"name\\">Lebron James</span></div></div></div>"`;

exports[`Match Component renders the end game status when game finishes 1`] = `"<div class=\\"matchContainer\\"><div class=\\"players\\"><div class=\\"playerContainer disabled\\"><img class=\\"image winnerSelected\\" src=\\"slick pic\\" alt=\\"Kobe Bryant\\"><span class=\\"name\\">Kobe Bryant</span><span class=\\"score\\">15.00</span><img class=\\"winnerIcon\\" alt=\\"check mark\\" src=\\"https://cdn.pixabay.com/photo/2017/01/13/01/22/ok-1976099_960_720.png\\"></div><span class=\\"textBetween\\">VS</span><div class=\\"playerContainer disabled\\"><img class=\\"image winnerSelected\\" src=\\"the dunker\\" alt=\\"Lebron James\\"><span class=\\"name\\">Lebron James</span><span class=\\"score\\">10.00</span><img class=\\"winnerIcon\\" alt=\\"x mark\\" src=\\"https://cdn.pixabay.com/photo/2017/02/12/21/29/false-2061131_960_720.png\\"></div></div><div class=\\"endGame\\"><span class=\\"endText\\">Congrats, you made 10 correct guesses!</span><button class=\\"endButton\\">RESET</button></div></div>"`;

exports[`Match Component renders with default props 1`] = `"<div class=\\"matchContainer\\"><div class=\\"players\\"><div class=\\"playerContainer\\"><img class=\\"image\\" src=\\"slick pic\\" alt=\\"Kobe Bryant\\"><span class=\\"name\\">Kobe Bryant</span></div><span class=\\"textBetween\\">VS</span><div class=\\"playerContainer\\"><img class=\\"image\\" src=\\"the dunker\\" alt=\\"Lebron James\\"><span class=\\"name\\">Lebron James</span></div></div></div>"`;
